// Jest Snapshot v1, https://goo.gl/fbAQLP

exports[`Home Page : <Search /> Screen renders correctly 1`] = `
<div
  className="main"
>
  <form
    aria-label="Search Hotels"
    className="inner-form"
    name="SearchForm"
    onSubmit={[Function]}
  >
    <div
      className="heading"
    >
      Search Hotels
    </div>
    <div
      className="travel-type-wrap"
      style={
        Object {
          "marginBottom": "100px",
          "marginLeft": "0px",
        }
      }
    >
      <div
        className="item active"
      >
        <div
          className="group-icon"
        >
          <svg
            className="icon"
            fill="currentColor"
            height="1em"
            stroke="currentColor"
            strokeWidth="0"
            style={
              Object {
                "color": undefined,
              }
            }
            viewBox="0 0 448 512"
            width="1em"
            xmlns="http://www.w3.org/2000/svg"
          >
            <path
              d="M436 480h-20V24c0-13.255-10.745-24-24-24H56C42.745 0 32 10.745 32 24v456H12c-6.627 0-12 5.373-12 12v20h448v-20c0-6.627-5.373-12-12-12zM128 76c0-6.627 5.373-12 12-12h40c6.627 0 12 5.373 12 12v40c0 6.627-5.373 12-12 12h-40c-6.627 0-12-5.373-12-12V76zm0 96c0-6.627 5.373-12 12-12h40c6.627 0 12 5.373 12 12v40c0 6.627-5.373 12-12 12h-40c-6.627 0-12-5.373-12-12v-40zm52 148h-40c-6.627 0-12-5.373-12-12v-40c0-6.627 5.373-12 12-12h40c6.627 0 12 5.373 12 12v40c0 6.627-5.373 12-12 12zm76 160h-64v-84c0-6.627 5.373-12 12-12h40c6.627 0 12 5.373 12 12v84zm64-172c0 6.627-5.373 12-12 12h-40c-6.627 0-12-5.373-12-12v-40c0-6.627 5.373-12 12-12h40c6.627 0 12 5.373 12 12v40zm0-96c0 6.627-5.373 12-12 12h-40c-6.627 0-12-5.373-12-12v-40c0-6.627 5.373-12 12-12h40c6.627 0 12 5.373 12 12v40zm0-96c0 6.627-5.373 12-12 12h-40c-6.627 0-12-5.373-12-12V76c0-6.627 5.373-12 12-12h40c6.627 0 12 5.373 12 12v40z"
            />
          </svg>
        </div>
        <div
          className="text"
        >
          HOTEL ONLY
        </div>
      </div>
      <div
        className="item cursor"
      >
        <div
          className="group-icon"
        >
          <svg
            className="icon"
            fill="currentColor"
            height="1em"
            stroke="currentColor"
            strokeWidth="0"
            style={
              Object {
                "color": undefined,
              }
            }
            viewBox="0 0 448 512"
            width="1em"
            xmlns="http://www.w3.org/2000/svg"
          >
            <path
              d="M436 480h-20V24c0-13.255-10.745-24-24-24H56C42.745 0 32 10.745 32 24v456H12c-6.627 0-12 5.373-12 12v20h448v-20c0-6.627-5.373-12-12-12zM128 76c0-6.627 5.373-12 12-12h40c6.627 0 12 5.373 12 12v40c0 6.627-5.373 12-12 12h-40c-6.627 0-12-5.373-12-12V76zm0 96c0-6.627 5.373-12 12-12h40c6.627 0 12 5.373 12 12v40c0 6.627-5.373 12-12 12h-40c-6.627 0-12-5.373-12-12v-40zm52 148h-40c-6.627 0-12-5.373-12-12v-40c0-6.627 5.373-12 12-12h40c6.627 0 12 5.373 12 12v40c0 6.627-5.373 12-12 12zm76 160h-64v-84c0-6.627 5.373-12 12-12h40c6.627 0 12 5.373 12 12v84zm64-172c0 6.627-5.373 12-12 12h-40c-6.627 0-12-5.373-12-12v-40c0-6.627 5.373-12 12-12h40c6.627 0 12 5.373 12 12v40zm0-96c0 6.627-5.373 12-12 12h-40c-6.627 0-12-5.373-12-12v-40c0-6.627 5.373-12 12-12h40c6.627 0 12 5.373 12 12v40zm0-96c0 6.627-5.373 12-12 12h-40c-6.627 0-12-5.373-12-12V76c0-6.627 5.373-12 12-12h40c6.627 0 12 5.373 12 12v40z"
            />
          </svg>
          <svg
            className="icon"
            fill="currentColor"
            height="1em"
            stroke="currentColor"
            strokeWidth="0"
            style={
              Object {
                "color": undefined,
              }
            }
            viewBox="0 0 512 512"
            width="1em"
            xmlns="http://www.w3.org/2000/svg"
          >
            <path
              d="M186.62 464H160a16 16 0 01-14.57-22.6l64.46-142.25L113.1 297l-35.3 42.77C71.07 348.23 65.7 352 52 352H34.08a17.66 17.66 0 01-14.7-7.06c-2.38-3.21-4.72-8.65-2.44-16.41l19.82-71c.15-.53.33-1.06.53-1.58a.38.38 0 000-.15 14.82 14.82 0 01-.53-1.59l-19.84-71.45c-2.15-7.61.2-12.93 2.56-16.06a16.83 16.83 0 0113.6-6.7H52c10.23 0 20.16 4.59 26 12l34.57 42.05 97.32-1.44-64.44-142A16 16 0 01160 48h26.91a25 25 0 0119.35 9.8l125.05 152 57.77-1.52c4.23-.23 15.95-.31 18.66-.31C463 208 496 225.94 496 256c0 9.46-3.78 27-29.07 38.16-14.93 6.6-34.85 9.94-59.21 9.94-2.68 0-14.37-.08-18.66-.31l-57.76-1.54-125.36 152a25 25 0 01-19.32 9.75z"
            />
          </svg>
        </div>
        <div
          className="text"
        >
          HOTEL + FLIGHT
        </div>
      </div>
      <div
        className="item cursor"
      >
        <div
          className="group-icon"
        >
          <svg
            className="icon"
            fill="currentColor"
            height="1em"
            stroke="currentColor"
            strokeWidth="0"
            style={
              Object {
                "color": undefined,
              }
            }
            viewBox="0 0 448 512"
            width="1em"
            xmlns="http://www.w3.org/2000/svg"
          >
            <path
              d="M436 480h-20V24c0-13.255-10.745-24-24-24H56C42.745 0 32 10.745 32 24v456H12c-6.627 0-12 5.373-12 12v20h448v-20c0-6.627-5.373-12-12-12zM128 76c0-6.627 5.373-12 12-12h40c6.627 0 12 5.373 12 12v40c0 6.627-5.373 12-12 12h-40c-6.627 0-12-5.373-12-12V76zm0 96c0-6.627 5.373-12 12-12h40c6.627 0 12 5.373 12 12v40c0 6.627-5.373 12-12 12h-40c-6.627 0-12-5.373-12-12v-40zm52 148h-40c-6.627 0-12-5.373-12-12v-40c0-6.627 5.373-12 12-12h40c6.627 0 12 5.373 12 12v40c0 6.627-5.373 12-12 12zm76 160h-64v-84c0-6.627 5.373-12 12-12h40c6.627 0 12 5.373 12 12v84zm64-172c0 6.627-5.373 12-12 12h-40c-6.627 0-12-5.373-12-12v-40c0-6.627 5.373-12 12-12h40c6.627 0 12 5.373 12 12v40zm0-96c0 6.627-5.373 12-12 12h-40c-6.627 0-12-5.373-12-12v-40c0-6.627 5.373-12 12-12h40c6.627 0 12 5.373 12 12v40zm0-96c0 6.627-5.373 12-12 12h-40c-6.627 0-12-5.373-12-12V76c0-6.627 5.373-12 12-12h40c6.627 0 12 5.373 12 12v40z"
            />
          </svg>
          <svg
            className="icon"
            fill="currentColor"
            height="1em"
            stroke="currentColor"
            strokeWidth="0"
            style={
              Object {
                "color": undefined,
              }
            }
            viewBox="0 0 512 512"
            width="1em"
            xmlns="http://www.w3.org/2000/svg"
          >
            <path
              d="M186.62 464H160a16 16 0 01-14.57-22.6l64.46-142.25L113.1 297l-35.3 42.77C71.07 348.23 65.7 352 52 352H34.08a17.66 17.66 0 01-14.7-7.06c-2.38-3.21-4.72-8.65-2.44-16.41l19.82-71c.15-.53.33-1.06.53-1.58a.38.38 0 000-.15 14.82 14.82 0 01-.53-1.59l-19.84-71.45c-2.15-7.61.2-12.93 2.56-16.06a16.83 16.83 0 0113.6-6.7H52c10.23 0 20.16 4.59 26 12l34.57 42.05 97.32-1.44-64.44-142A16 16 0 01160 48h26.91a25 25 0 0119.35 9.8l125.05 152 57.77-1.52c4.23-.23 15.95-.31 18.66-.31C463 208 496 225.94 496 256c0 9.46-3.78 27-29.07 38.16-14.93 6.6-34.85 9.94-59.21 9.94-2.68 0-14.37-.08-18.66-.31l-57.76-1.54-125.36 152a25 25 0 01-19.32 9.75z"
            />
          </svg>
          <svg
            className="icon"
            fill="currentColor"
            height="1em"
            stroke="currentColor"
            strokeWidth="0"
            style={
              Object {
                "color": undefined,
              }
            }
            viewBox="0 0 512 512"
            width="1em"
            xmlns="http://www.w3.org/2000/svg"
          >
            <path
              d="M499.99 176h-59.87l-16.64-41.6C406.38 91.63 365.57 64 319.5 64h-127c-46.06 0-86.88 27.63-103.99 70.4L71.87 176H12.01C4.2 176-1.53 183.34.37 190.91l6 24C7.7 220.25 12.5 224 18.01 224h20.07C24.65 235.73 16 252.78 16 272v48c0 16.12 6.16 30.67 16 41.93V416c0 17.67 14.33 32 32 32h32c17.67 0 32-14.33 32-32v-32h256v32c0 17.67 14.33 32 32 32h32c17.67 0 32-14.33 32-32v-54.07c9.84-11.25 16-25.8 16-41.93v-48c0-19.22-8.65-36.27-22.07-48H494c5.51 0 10.31-3.75 11.64-9.09l6-24c1.89-7.57-3.84-14.91-11.65-14.91zm-352.06-17.83c7.29-18.22 24.94-30.17 44.57-30.17h127c19.63 0 37.28 11.95 44.57 30.17L384 208H128l19.93-49.83zM96 319.8c-19.2 0-32-12.76-32-31.9S76.8 256 96 256s48 28.71 48 47.85-28.8 15.95-48 15.95zm320 0c-19.2 0-48 3.19-48-15.95S396.8 256 416 256s32 12.76 32 31.9-12.8 31.9-32 31.9z"
            />
          </svg>
        </div>
        <div
          className="text"
        >
          HOTEL + FLIGHT + CAR
        </div>
      </div>
      <div
        className="item cursor"
      >
        <div
          className="group-icon"
        >
          <svg
            className="icon"
            fill="currentColor"
            height="1em"
            stroke="currentColor"
            strokeWidth="0"
            style={
              Object {
                "color": undefined,
              }
            }
            viewBox="0 0 448 512"
            width="1em"
            xmlns="http://www.w3.org/2000/svg"
          >
            <path
              d="M436 480h-20V24c0-13.255-10.745-24-24-24H56C42.745 0 32 10.745 32 24v456H12c-6.627 0-12 5.373-12 12v20h448v-20c0-6.627-5.373-12-12-12zM128 76c0-6.627 5.373-12 12-12h40c6.627 0 12 5.373 12 12v40c0 6.627-5.373 12-12 12h-40c-6.627 0-12-5.373-12-12V76zm0 96c0-6.627 5.373-12 12-12h40c6.627 0 12 5.373 12 12v40c0 6.627-5.373 12-12 12h-40c-6.627 0-12-5.373-12-12v-40zm52 148h-40c-6.627 0-12-5.373-12-12v-40c0-6.627 5.373-12 12-12h40c6.627 0 12 5.373 12 12v40c0 6.627-5.373 12-12 12zm76 160h-64v-84c0-6.627 5.373-12 12-12h40c6.627 0 12 5.373 12 12v84zm64-172c0 6.627-5.373 12-12 12h-40c-6.627 0-12-5.373-12-12v-40c0-6.627 5.373-12 12-12h40c6.627 0 12 5.373 12 12v40zm0-96c0 6.627-5.373 12-12 12h-40c-6.627 0-12-5.373-12-12v-40c0-6.627 5.373-12 12-12h40c6.627 0 12 5.373 12 12v40zm0-96c0 6.627-5.373 12-12 12h-40c-6.627 0-12-5.373-12-12V76c0-6.627 5.373-12 12-12h40c6.627 0 12 5.373 12 12v40z"
            />
          </svg>
          <svg
            className="icon"
            fill="currentColor"
            height="1em"
            stroke="currentColor"
            strokeWidth="0"
            style={
              Object {
                "color": undefined,
              }
            }
            viewBox="0 0 512 512"
            width="1em"
            xmlns="http://www.w3.org/2000/svg"
          >
            <path
              d="M499.99 176h-59.87l-16.64-41.6C406.38 91.63 365.57 64 319.5 64h-127c-46.06 0-86.88 27.63-103.99 70.4L71.87 176H12.01C4.2 176-1.53 183.34.37 190.91l6 24C7.7 220.25 12.5 224 18.01 224h20.07C24.65 235.73 16 252.78 16 272v48c0 16.12 6.16 30.67 16 41.93V416c0 17.67 14.33 32 32 32h32c17.67 0 32-14.33 32-32v-32h256v32c0 17.67 14.33 32 32 32h32c17.67 0 32-14.33 32-32v-54.07c9.84-11.25 16-25.8 16-41.93v-48c0-19.22-8.65-36.27-22.07-48H494c5.51 0 10.31-3.75 11.64-9.09l6-24c1.89-7.57-3.84-14.91-11.65-14.91zm-352.06-17.83c7.29-18.22 24.94-30.17 44.57-30.17h127c19.63 0 37.28 11.95 44.57 30.17L384 208H128l19.93-49.83zM96 319.8c-19.2 0-32-12.76-32-31.9S76.8 256 96 256s48 28.71 48 47.85-28.8 15.95-48 15.95zm320 0c-19.2 0-48 3.19-48-15.95S396.8 256 416 256s32 12.76 32 31.9-12.8 31.9-32 31.9z"
            />
          </svg>
        </div>
        <div
          className="text"
        >
          HOTEL + CAR
        </div>
      </div>
    </div>
    <div
      className="main-form"
    >
      <div
        className="location-container"
      >
        <div
          className="location-image-container"
        >
          <img
            alt=""
            className="location-image"
            src="test-file-stub"
          />
        </div>
        <div
          className="location-input-container"
        >
          <label
            className="location-label"
          >
            GOING TO
            <input
              autoComplete="off"
              className="location-input"
              name="location"
              onBlur={[Function]}
              onChange={[Function]}
              placeholder="Destination, hotel name"
              type="text"
              value=""
            />
            <div
              className="location-display-container"
              style={
                Object {
                  "display": "none",
                }
              }
            />
          </label>
        </div>
      </div>
      <div
        className="box-border flex h-16 mb-2 p-5"
      >
        <div
          className="date-container check-in"
        >
          <div
            className="date-image-container"
          >
            <img
              alt=""
              className="date-image"
              src="test-file-stub"
            />
          </div>
          <div
            className="date-input-container"
          >
            <div
              className="date-label"
            >
              CHECK IN
            </div>
            <div
              className="date-input"
            >
              <div
                className="react-datepicker-wrapper"
              >
                <div
                  className="react-datepicker__input-container"
                >
                  <input
                    className="date-picker"
                    disabled={false}
                    onBlur={[Function]}
                    onChange={[Function]}
                    onClick={[Function]}
                    onFocus={[Function]}
                    onKeyDown={[Function]}
                    placeholder="mm/dd/yyyy"
                    readOnly={false}
                    title="CHECK IN"
                    type="text"
                    value="01/11/2023"
                  />
                </div>
              </div>
            </div>
          </div>
        </div>
        <div
          className="date-container check-out"
        >
          <div
            className="date-image-container"
          >
            <img
              alt=""
              className="date-image"
              src="test-file-stub"
            />
          </div>
          <div
            className="date-input-container"
          >
            <div
              className="date-label"
            >
              CHECK OUT
            </div>
            <div
              className="date-input"
            >
              <div
                className="react-datepicker-wrapper"
              >
                <div
                  className="react-datepicker__input-container"
                >
                  <input
                    className="date-picker"
                    disabled={false}
                    onBlur={[Function]}
                    onChange={[Function]}
                    onClick={[Function]}
                    onFocus={[Function]}
                    onKeyDown={[Function]}
                    placeholder="mm/dd/yyyy"
                    readOnly={false}
                    title="CHECK OUT"
                    type="text"
                    value="01/12/2023"
                  />
                </div>
              </div>
            </div>
          </div>
        </div>
        <div
          className="travelers-container"
        >
          <div
            className="travelers-image-container"
          >
            <img
              alt=""
              className="travelers-image"
              src="test-file-stub"
            />
          </div>
          <div
            className="travelers-input-container"
          >
            <div
              className="travelers-label"
            >
              TRAVELERS
              <h1
                className="travelers-input"
              >
                1 adult
              </h1>
            </div>
          </div>
        </div>
      </div>
      <div
        className="h-12 p-10"
      >
        <button
          className="btn-search"
        >
          Search
        </button>
      </div>
    </div>
  </form>
</div>
`;
