// Jest Snapshot v1, https://goo.gl/fbAQLP

exports[`SignUp Page : <SignUp /> Screen renders correctly 1`] = `
<div
  className="content"
>
  <form
    className="box"
    onSubmit={[Function]}
  >
    <div
      className="form"
    >
      <h1
        className="sigup-heading"
      >
        Create an account
      </h1>
    </div>
    <div
      className="form"
    >
      <label
        className="label"
        htmlFor="email"
      >
        <input
          className="inputField"
          id="email"
          name="email"
          onBlur={[Function]}
          onChange={[Function]}
          placeholder="Email Address"
          type="text"
        />
      </label>
    </div>
    <div
      className="form"
    >
      <label
        className="label"
        htmlFor="fname"
      >
        <input
          className="inputField"
          id="fname"
          name="firstName"
          onBlur={[Function]}
          onChange={[Function]}
          placeholder="First Name"
          type="text"
        />
      </label>
    </div>
    <div
      className="form"
    >
      <label
        className="label"
        htmlFor="lname"
      >
        <input
          className="inputField"
          id="lname"
          name="lastName"
          onBlur={[Function]}
          onChange={[Function]}
          placeholder="Last Name"
          type="text"
        />
      </label>
    </div>
    <div
      className="form"
    >
      <label
        className="label"
        htmlFor="phoneNumber"
      >
        <input
          className="inputField"
          id="phoneNumber"
          name="phoneNumber"
          onBlur={[Function]}
          onChange={[Function]}
          placeholder="Phone Number"
          type="number"
        />
      </label>
    </div>
    <div
      className="form"
    >
      <label
        className="label"
        htmlFor="password"
      >
        <input
          className="inputField"
          id="password"
          name="password"
          onBlur={[Function]}
          onChange={[Function]}
          placeholder="Password"
          type="Password"
        />
        <span
          className="flex items-right justify-end -mt-6 mr-2 h-4"
          onClick={[Function]}
          onKeyDown={[Function]}
          role="button"
          tabIndex={0}
        >
          <svg
            fill="currentColor"
            height="1em"
            stroke="currentColor"
            strokeWidth="0"
            style={
              Object {
                "color": undefined,
              }
            }
            viewBox="0 0 1024 1024"
            width="1em"
            xmlns="http://www.w3.org/2000/svg"
          >
            <defs>
              <clipPath>
                <path
                  clipRule="evenodd"
                  d="M124-288l388-672 388 672H124z"
                  fill="none"
                />
              </clipPath>
            </defs>
            <path
              d="M508 624a112 112 0 0 0 112-112c0-3.28-.15-6.53-.43-9.74L498.26 623.57c3.21.28 6.45.43 9.74.43zm370.72-458.44L836 122.88a8 8 0 0 0-11.31 0L715.37 232.23Q624.91 186 512 186q-288.3 0-430.2 300.3a60.3 60.3 0 0 0 0 51.5q56.7 119.43 136.55 191.45L112.56 835a8 8 0 0 0 0 11.31L155.25 889a8 8 0 0 0 11.31 0l712.16-712.12a8 8 0 0 0 0-11.32zM332 512a176 176 0 0 1 258.88-155.28l-48.62 48.62a112.08 112.08 0 0 0-140.92 140.92l-48.62 48.62A175.09 175.09 0 0 1 332 512z"
            />
            <path
              d="M942.2 486.2Q889.4 375 816.51 304.85L672.37 449A176.08 176.08 0 0 1 445 676.37L322.74 798.63Q407.82 838 512 838q288.3 0 430.2-300.3a60.29 60.29 0 0 0 0-51.5z"
            />
          </svg>
        </span>
      </label>
    </div>
    <div
      className="flex items-center justify-between mb-2"
    >
      <button
        className="btn-continue"
      >
        Continue
      </button>
    </div>
  </form>
</div>
`;
