// Jest Snapshot v1, https://goo.gl/fbAQLP

exports[`Final Confirmation Page : <FinalConfirmation /> page renders correctly 1`] = `
<div
  className="final-confirmation"
>
  <div
    className="final-booking-info-outline"
  >
    <div
      className="final-booking-info-image-container"
    >
      <img
        alt=""
        src="test-file-stub"
      />
    </div>
    <h1
      className="final-booking-info-content"
    >
      Your trip has been successfully booked. Thank you for your reservation.
    </h1>
  </div>
  <div
    className="final-booking-content"
  >
    <div
      className="final-booking-details-container"
    >
      <div
        className="final-booking-details"
      >
        <div
          id="final-booking-content"
        >
          <svg
            className="final-booking-hotel-room-image"
            fill="currentColor"
            height="1em"
            stroke="currentColor"
            strokeWidth="0"
            style={
              Object {
                "color": undefined,
              }
            }
            viewBox="0 0 576 512"
            width="1em"
            xmlns="http://www.w3.org/2000/svg"
          >
            <path
              d="M560 64c8.84 0 16-7.16 16-16V16c0-8.84-7.16-16-16-16H16C7.16 0 0 7.16 0 16v32c0 8.84 7.16 16 16 16h15.98v384H16c-8.84 0-16 7.16-16 16v32c0 8.84 7.16 16 16 16h240v-80c0-8.8 7.2-16 16-16h32c8.8 0 16 7.2 16 16v80h240c8.84 0 16-7.16 16-16v-32c0-8.84-7.16-16-16-16h-16V64h16zm-304 44.8c0-6.4 6.4-12.8 12.8-12.8h38.4c6.4 0 12.8 6.4 12.8 12.8v38.4c0 6.4-6.4 12.8-12.8 12.8h-38.4c-6.4 0-12.8-6.4-12.8-12.8v-38.4zm0 96c0-6.4 6.4-12.8 12.8-12.8h38.4c6.4 0 12.8 6.4 12.8 12.8v38.4c0 6.4-6.4 12.8-12.8 12.8h-38.4c-6.4 0-12.8-6.4-12.8-12.8v-38.4zm-128-96c0-6.4 6.4-12.8 12.8-12.8h38.4c6.4 0 12.8 6.4 12.8 12.8v38.4c0 6.4-6.4 12.8-12.8 12.8h-38.4c-6.4 0-12.8-6.4-12.8-12.8v-38.4zM179.2 256h-38.4c-6.4 0-12.8-6.4-12.8-12.8v-38.4c0-6.4 6.4-12.8 12.8-12.8h38.4c6.4 0 12.8 6.4 12.8 12.8v38.4c0 6.4-6.4 12.8-12.8 12.8zM192 384c0-53.02 42.98-96 96-96s96 42.98 96 96H192zm256-140.8c0 6.4-6.4 12.8-12.8 12.8h-38.4c-6.4 0-12.8-6.4-12.8-12.8v-38.4c0-6.4 6.4-12.8 12.8-12.8h38.4c6.4 0 12.8 6.4 12.8 12.8v38.4zm0-96c0 6.4-6.4 12.8-12.8 12.8h-38.4c-6.4 0-12.8-6.4-12.8-12.8v-38.4c0-6.4 6.4-12.8 12.8-12.8h38.4c6.4 0 12.8 6.4 12.8 12.8v38.4z"
            />
          </svg>
        </div>
        <div
          className="final-booking-hotel-name"
        >
          <h1>
            ibis
          </h1>
          <div
            className="flex font-normal"
          >
            <div
              className="font-medium text-base mt-1"
            >
              Booked
            </div>
            <div
              className="final-booking-id mt-1"
            >
              Booking ID -
               
              <h1
                className="confirmation-number"
              >
                Â 
                67890
              </h1>
            </div>
          </div>
        </div>
        <div
          className="view-booking"
        >
          <button
            className="btn-viewbooking"
            onClick={[Function]}
          >
            VIEW BOOKING
          </button>
        </div>
      </div>
    </div>
    <div
      className="final-booking-hotel-details-container"
    >
      <div
        className="mt-10 space-x-40 flex text-gray-500 text-sm ml-20"
      >
        <h1>
          CHECK-IN
        </h1>
        <h2>
          CHECK-OUT
        </h2>
      </div>
      <div
        className="flex font-bold text-base"
      >
        <div
          className="ml-20"
        >
          Mon Sep 11 2023
        </div>
        <div
          className="check-out-date"
        >
          Wed Oct 11 2023
        </div>
        <div
          className="ml-28"
        >
          <svg
            className="icon"
            fill="currentColor"
            height="1em"
            stroke="currentColor"
            strokeWidth="0"
            style={
              Object {
                "color": undefined,
              }
            }
            viewBox="0 0 576 512"
            width="1em"
            xmlns="http://www.w3.org/2000/svg"
          >
            <path
              d="M560 64c8.84 0 16-7.16 16-16V16c0-8.84-7.16-16-16-16H16C7.16 0 0 7.16 0 16v32c0 8.84 7.16 16 16 16h15.98v384H16c-8.84 0-16 7.16-16 16v32c0 8.84 7.16 16 16 16h240v-80c0-8.8 7.2-16 16-16h32c8.8 0 16 7.2 16 16v80h240c8.84 0 16-7.16 16-16v-32c0-8.84-7.16-16-16-16h-16V64h16zm-304 44.8c0-6.4 6.4-12.8 12.8-12.8h38.4c6.4 0 12.8 6.4 12.8 12.8v38.4c0 6.4-6.4 12.8-12.8 12.8h-38.4c-6.4 0-12.8-6.4-12.8-12.8v-38.4zm0 96c0-6.4 6.4-12.8 12.8-12.8h38.4c6.4 0 12.8 6.4 12.8 12.8v38.4c0 6.4-6.4 12.8-12.8 12.8h-38.4c-6.4 0-12.8-6.4-12.8-12.8v-38.4zm-128-96c0-6.4 6.4-12.8 12.8-12.8h38.4c6.4 0 12.8 6.4 12.8 12.8v38.4c0 6.4-6.4 12.8-12.8 12.8h-38.4c-6.4 0-12.8-6.4-12.8-12.8v-38.4zM179.2 256h-38.4c-6.4 0-12.8-6.4-12.8-12.8v-38.4c0-6.4 6.4-12.8 12.8-12.8h38.4c6.4 0 12.8 6.4 12.8 12.8v38.4c0 6.4-6.4 12.8-12.8 12.8zM192 384c0-53.02 42.98-96 96-96s96 42.98 96 96H192zm256-140.8c0 6.4-6.4 12.8-12.8 12.8h-38.4c-6.4 0-12.8-6.4-12.8-12.8v-38.4c0-6.4 6.4-12.8 12.8-12.8h38.4c6.4 0 12.8 6.4 12.8 12.8v38.4zm0-96c0 6.4-6.4 12.8-12.8 12.8h-38.4c-6.4 0-12.8-6.4-12.8-12.8v-38.4c0-6.4 6.4-12.8 12.8-12.8h38.4c6.4 0 12.8 6.4 12.8 12.8v38.4z"
            />
          </svg>
        </div>
        <div
          className="ml-2 text-sky-500 font-medium text-lg"
        >
          1 Room(s), 
          1
           Night(s)
        </div>
      </div>
    </div>
  </div>
</div>
`;

exports[`Final Confirmation Page with book failure : <FinalConfirmation /> page booking failure 1`] = `
<div
  className="final-confirmation"
>
  <div
    className="final-booking-info-outline"
  >
    <div
      className="final-booking-info-image-container"
    >
      <img
        alt=""
        className="error-info"
        src="test-file-stub"
      />
    </div>
    <h1
      className="final-booking-info-content"
    >
      Your booking has failed. Please try again.error
    </h1>
  </div>
</div>
`;
