// Jest Snapshot v1, https://goo.gl/fbAQLP

exports[`SignIn Page : <SignIn /> page renders correctly 1`] = `
<div
  className="outer-box"
>
  <div
    className="inner-box"
  >
    <h2
      className="signin-heading"
    >
      Sign in
    </h2>
    <div>
      <form
        action="http://localhost:9000/auth-server/perform_login?"
        className=" relative"
        method="post"
      >
        <div
          className="bg-white rounded-sm h-12 mb-6 relative"
        >
          <input
            className="input-box"
            id="username"
            name="username"
            onChange={[Function]}
            placeholder="Email"
            required={true}
            type="email"
            value=""
          />
        </div>
        <div
          className="bg-white rounded-sm h-12 mb-6 relative"
        >
          <input
            autoComplete="off"
            className="input-box"
            name="password"
            onChange={[Function]}
            placeholder="Password"
            required={true}
            type="password"
            value=""
          />
        </div>
        <div
          className="eye-icon"
        >
          <svg
            fill="currentColor"
            height="1em"
            onClick={[Function]}
            stroke="currentColor"
            strokeWidth="0"
            style={
              Object {
                "color": undefined,
              }
            }
            viewBox="0 0 1024 1024"
            width="1em"
            xmlns="http://www.w3.org/2000/svg"
          >
            <defs>
              <clipPath>
                <path
                  clipRule="evenodd"
                  d="M124-288l388-672 388 672H124z"
                  fill="none"
                />
              </clipPath>
            </defs>
            <path
              d="M508 624a112 112 0 0 0 112-112c0-3.28-.15-6.53-.43-9.74L498.26 623.57c3.21.28 6.45.43 9.74.43zm370.72-458.44L836 122.88a8 8 0 0 0-11.31 0L715.37 232.23Q624.91 186 512 186q-288.3 0-430.2 300.3a60.3 60.3 0 0 0 0 51.5q56.7 119.43 136.55 191.45L112.56 835a8 8 0 0 0 0 11.31L155.25 889a8 8 0 0 0 11.31 0l712.16-712.12a8 8 0 0 0 0-11.32zM332 512a176 176 0 0 1 258.88-155.28l-48.62 48.62a112.08 112.08 0 0 0-140.92 140.92l-48.62 48.62A175.09 175.09 0 0 1 332 512z"
            />
            <path
              d="M942.2 486.2Q889.4 375 816.51 304.85L672.37 449A176.08 176.08 0 0 1 445 676.37L322.74 798.63Q407.82 838 512 838q288.3 0 430.2-300.3a60.29 60.29 0 0 0 0-51.5z"
            />
          </svg>
        </div>
        <div
          className="flex items-center justify-between mb-2"
        >
          <button
            className="btn-continue"
          >
            Sign in
          </button>
        </div>
      </form>
      <p
        className=" p-4 text-center select-none text-white"
      >
        Don't have an account? 
      </p>
    </div>
  </div>
</div>
`;
